// Jest Snapshot v1, https://goo.gl/fbAQLP

exports[`ProductList should render correctly 1`] = `
<DocumentFragment>
  <div
    class="MuiGrid-root MuiGrid-container MuiGrid-spacing-xs-4 css-480o17-MuiGrid-root"
  >
    <div
      class="MuiGrid-root MuiGrid-item MuiGrid-grid-xs-6 MuiGrid-grid-sm-4 css-1xd74lj-MuiGrid-root"
    >
      <div
        class="MuiPaper-root MuiPaper-elevation MuiPaper-rounded MuiPaper-elevation1 MuiCard-root css-bhp9pd-MuiPaper-root-MuiCard-root"
      >
        <a
          class="MuiTypography-root MuiTypography-inherit MuiLink-root MuiLink-underlineAlways css-6xddht-MuiTypography-root-MuiLink-root"
          data-testid="link-slug-product-card"
          href="/product/slug"
          role="link"
        >
          <button
            class="MuiButtonBase-root MuiCardActionArea-root css-b6lsxj-MuiButtonBase-root-MuiCardActionArea-root"
            tabindex="0"
            type="button"
          >
            <img
              alt="title"
              class="MuiCardMedia-root MuiCardMedia-media MuiCardMedia-img fadeIn css-o69gx8-MuiCardMedia-root"
              src="https://via.placeholder.com/300"
            />
            <span
              class="MuiCardActionArea-focusHighlight css-1v2exvi-MuiCardActionArea-focusHighlight"
            />
            <span
              class="MuiTouchRipple-root css-8je8zh-MuiTouchRipple-root"
            />
          </button>
        </a>
      </div>
      <div
        class="fadeIn MuiBox-root css-164r41r"
      >
        <span
          class="MuiSkeleton-root MuiSkeleton-text MuiSkeleton-pulse css-1n7gpw1-MuiSkeleton-root"
          style="width: 70%; height: 20px;"
        />
        <span
          class="MuiSkeleton-root MuiSkeleton-text MuiSkeleton-pulse css-1n7gpw1-MuiSkeleton-root"
          style="width: 10%; height: 20px;"
        />
      </div>
    </div>
  </div>
</DocumentFragment>
`;

exports[`ProductList should render correctly with no products 1`] = `
<DocumentFragment>
  <div
    class="MuiGrid-root MuiGrid-container MuiGrid-spacing-xs-4 css-480o17-MuiGrid-root"
  />
</DocumentFragment>
`;

exports[`ProductList should render correctly with no products 2`] = `
<DocumentFragment>
  <div
    class="MuiGrid-root MuiGrid-container MuiGrid-spacing-xs-4 css-480o17-MuiGrid-root"
  />
</DocumentFragment>
`;
